// Jest Snapshot v1, https://goo.gl/fbAQLP

exports[`Component: WDCard Snapshot testing 1`] = `
<div>
  <div
    className="MuiPaper-root-1 MuiPaper-shadow2-5 MuiPaper-rounded-2 card"
  >
    <div
      className="details"
    >
      <div
        className="MuiCardContent-root-28 content"
      >
        <h1
          className="MuiTypography-root-29 MuiTypography-display4-30 font"
        >
          23
          <span>
            °C
          </span>
        </h1>
        <h1
          className="MuiTypography-root-29 MuiTypography-headline-34 MuiTypography-colorTextSecondary-51"
        >
          test
        </h1>
        <h3
          className="MuiTypography-root-29 MuiTypography-subheading-36 MuiTypography-colorTextSecondary-51"
        >
          Humidity : 
          100
          %
        </h3>
        <h3
          className="MuiTypography-root-29 MuiTypography-subheading-36 MuiTypography-colorTextSecondary-51"
        >
          Wind 
          20
           m/s
        </h3>
      </div>
    </div>
    <div
      className="MuiCardMedia-root-53 cover"
      src={undefined}
      style={
        Object {
          "backgroundImage": "url(http://openweathermap.org/img/w/01n.png)",
        }
      }
    />
  </div>
</div>
`;
