// Jest Snapshot v1, https://goo.gl/fbAQLP

exports[`Container : Toolbar ToolBar snapshot test 1`] = `
<div
  className="appbar-root"
>
  <header
    className="MuiPaper-root-9 MuiPaper-shadow4-15 MuiAppBar-root-1 MuiAppBar-positionStatic-5 MuiAppBar-colorPrimary-7"
  >
    <div
      className="MuiToolbar-root-36 MuiToolbar-gutters-37"
    >
      <button
        aria-label="Menu"
        className="MuiButtonBase-root-44 MuiIconButton-root-38 MuiIconButton-colorInherit-39 menuButton"
        disabled={false}
        onBlur={[Function]}
        onFocus={[Function]}
        onKeyDown={[Function]}
        onKeyUp={[Function]}
        onMouseDown={[Function]}
        onMouseLeave={[Function]}
        onMouseUp={[Function]}
        onTouchEnd={[Function]}
        onTouchMove={[Function]}
        onTouchStart={[Function]}
        tabIndex={0}
        type="button"
      >
        <span
          className="MuiIconButton-label-43"
        >
          <i
            className="material-icons"
          >
            cloud
          </i>
        </span>
        <span
          className="MuiTouchRipple-root-46"
        />
      </button>
      <h2
        className="MuiTypography-root-53 MuiTypography-title-59 MuiTypography-colorInherit-72 flex"
      >
        WD Weather App
      </h2>
      <div
        className="root"
      >
        <div
          className="MuiInput-root-77 MuiInput-inkbar-79 MuiInput-underline-83 width"
          onBlur={[Function]}
          onFocus={[Function]}
        >
          <div
            className="Select MuiInput-input-86 is-clearable is-searchable Select--single"
            style={undefined}
          >
            <div
              className="Select-control"
              onKeyDown={[Function]}
              onMouseDown={[Function]}
              onTouchEnd={[Function]}
              onTouchMove={[Function]}
              onTouchStart={[Function]}
              style={undefined}
            >
              <span
                className="Select-multi-value-wrapper"
                id="react-select-react-select-single--value"
              >
                <div
                  className="Select-placeholder"
                >
                  Select City
                </div>
                <div
                  className="Select-input"
                  style={
                    Object {
                      "display": "inline-block",
                    }
                  }
                >
                  <input
                    aria-activedescendant="react-select-react-select-single--value"
                    aria-describedby={undefined}
                    aria-expanded="false"
                    aria-haspopup="false"
                    aria-label={undefined}
                    aria-labelledby={undefined}
                    aria-owns=""
                    className={undefined}
                    id="react-select-single"
                    onBlur={[Function]}
                    onChange={[Function]}
                    onFocus={[Function]}
                    required={false}
                    role="combobox"
                    style={
                      Object {
                        "boxSizing": "content-box",
                        "width": "5px",
                      }
                    }
                    tabIndex={undefined}
                    value=""
                  />
                  <div
                    style={
                      Object {
                        "height": 0,
                        "left": 0,
                        "overflow": "scroll",
                        "position": "absolute",
                        "top": 0,
                        "visibility": "hidden",
                        "whiteSpace": "pre",
                      }
                    }
                  >
                    
                  </div>
                </div>
              </span>
              <span
                className="Select-arrow-zone"
                onMouseDown={[Function]}
              >
                <svg
                  aria-hidden="true"
                  className="MuiSvgIcon-root-92"
                  color={undefined}
                  focusable="false"
                  viewBox="0 0 24 24"
                >
                  <path
                    d="M7 10l5 5 5-5z"
                  />
                </svg>
              </span>
            </div>
          </div>
        </div>
      </div>
    </div>
  </header>
</div>
`;
